2026-03-17 20:55:49,172 - {"action": "ADDED", "object": "Particle_0", "details": {"position": [-176562500.0, -491666666.6666667, 0.0], "velocity": [0.09898148179054261, -0.11048963069915772, 0.058408701419830324], "mass": 1.0, "color": [255, 255, 255]}}
2026-03-17 20:55:49,410 - {"action": "ADDED", "object": "Particle_1", "details": {"position": [-176562500.0, -491666666.6666667, 0.0], "velocity": [0.1239911437034607, -0.113864004611969, 0.031127250194549563], "mass": 1.0, "color": [255, 255, 255]}}
2026-03-17 20:55:50,243 - {"action": "ADDED", "object": "Particle_2", "details": {"position": [-23437500.0, -194444444.44444445, 0.0], "velocity": [0.09172234535217286, -0.08487749695777894, -0.02403943091630936], "mass": 1.0, "color": [255, 255, 255]}}
2026-03-17 20:55:50,498 - {"action": "ADDED", "object": "Particle_3", "details": {"position": [-23437500.0, -194444444.44444445, 0.0], "velocity": [0.1625593662261963, -0.06745580434799195, 0.019014312326908114], "mass": 1.0, "color": [255, 255, 255]}}
2026-03-17 20:55:51,334 - {"action": "ADDED", "object": "Particle_4", "details": {"position": [-23437500.0, -194444444.44444445, 0.0], "velocity": [-0.17281904220581057, 0.08958259820938111, -0.16877357959747316], "mass": 1.0, "color": [255, 255, 255]}}
2026-03-17 20:55:53,947 - {"action": "ADDED", "object": "Particle_5", "details": {"position": [-112500000.0, 13888888.888888888, 0.0], "velocity": [0.0, 0.0, 0.0], "mass": 10000.0, "color": [255, 200, 50]}}
2026-03-17 20:55:58,201 - {"action": "ADDED", "object": "Particle_6", "details": {"position": [-112500000.0, 13888888.888888888, 0.0], "velocity": [0.0, 0.0, 0.0], "mass": 10000.0, "color": [255, 200, 50]}}
2026-03-17 20:55:59,407 - {"action": "ADDED", "object": "Particle_7", "details": {"position": [85937500.0, 147222222.2222222, 0.0], "velocity": [0.0, 0.0, 0.0], "mass": 10000.0, "color": [255, 200, 50]}}
2026-03-17 20:55:59,846 - {"action": "ADDED", "object": "Particle_8", "details": {"position": [85937500.0, 144444444.44444445, 0.0], "velocity": [0.0, 0.0, 0.0], "mass": 10000.0, "color": [255, 200, 50]}}
2026-03-17 20:56:00,305 - {"action": "ADDED", "object": "Particle_9", "details": {"position": [226562500.0, -102777777.77777778, 0.0], "velocity": [0.0, 0.0, 0.0], "mass": 10000.0, "color": [255, 200, 50]}}
2026-03-17 20:56:00,549 - {"action": "ADDED", "object": "Particle_10", "details": {"position": [246875000.0, -155555555.55555555, 0.0], "velocity": [0.0, 0.0, 0.0], "mass": 10000.0, "color": [255, 200, 50]}}
2026-03-17 20:56:00,824 - {"action": "ADDED", "object": "Particle_11", "details": {"position": [67187500.0, -280555555.5555556, 0.0], "velocity": [0.0, 0.0, 0.0], "mass": 10000.0, "color": [255, 200, 50]}}
2026-03-17 20:56:01,055 - {"action": "ADDED", "object": "Particle_12", "details": {"position": [-40625000.0, -336111111.1111111, 0.0], "velocity": [0.0, 0.0, 0.0], "mass": 10000.0, "color": [255, 200, 50]}}
2026-03-17 20:56:01,416 - {"action": "ADDED", "object": "Particle_13", "details": {"position": [-256250000.0, 72222222.22222222, 0.0], "velocity": [0.0, 0.0, 0.0], "mass": 10000.0, "color": [255, 200, 50]}}
2026-03-17 20:56:01,643 - {"action": "ADDED", "object": "Particle_14", "details": {"position": [-109375000.0, 330555555.5555556, 0.0], "velocity": [0.0, 0.0, 0.0], "mass": 10000.0, "color": [255, 200, 50]}}
2026-03-17 20:56:01,854 - {"action": "ADDED", "object": "Particle_15", "details": {"position": [62500000.0, 255555555.55555555, 0.0], "velocity": [0.0, 0.0, 0.0], "mass": 10000.0, "color": [255, 200, 50]}}
2026-03-17 20:56:02,050 - {"action": "ADDED", "object": "Particle_16", "details": {"position": [31250000.0, 72222222.22222222, 0.0], "velocity": [0.0, 0.0, 0.0], "mass": 10000.0, "color": [255, 200, 50]}}
2026-03-17 20:56:02,244 - {"action": "ADDED", "object": "Particle_17", "details": {"position": [34375000.0, -38888888.88888889, 0.0], "velocity": [0.0, 0.0, 0.0], "mass": 10000.0, "color": [255, 200, 50]}}
2026-03-17 20:56:02,444 - {"action": "ADDED", "object": "Particle_18", "details": {"position": [132812500.0, 127777777.77777778, 0.0], "velocity": [0.0, 0.0, 0.0], "mass": 10000.0, "color": [255, 200, 50]}}
2026-03-17 20:56:02,638 - {"action": "ADDED", "object": "Particle_19", "details": {"position": [123437500.0, 525000000.0, 0.0], "velocity": [0.0, 0.0, 0.0], "mass": 10000.0, "color": [255, 200, 50]}}
2026-03-17 20:56:02,852 - {"action": "ADDED", "object": "Particle_20", "details": {"position": [-720312500.0, 388888888.8888889, 0.0], "velocity": [0.0, 0.0, 0.0], "mass": 10000.0, "color": [255, 200, 50]}}
2026-03-17 20:56:03,057 - {"action": "ADDED", "object": "Particle_21", "details": {"position": [-378125000.0, 36111111.11111111, 0.0], "velocity": [0.0, 0.0, 0.0], "mass": 10000.0, "color": [255, 200, 50]}}
2026-03-17 20:56:03,329 - {"action": "ADDED", "object": "Particle_22", "details": {"position": [-106250000.0, 480555555.5555556, 0.0], "velocity": [0.0, 0.0, 0.0], "mass": 10000.0, "color": [255, 200, 50]}}
2026-03-17 20:56:03,535 - {"action": "ADDED", "object": "Particle_23", "details": {"position": [-239062500.0, 94444444.44444445, 0.0], "velocity": [0.0, 0.0, 0.0], "mass": 10000.0, "color": [255, 200, 50]}}
2026-03-17 20:56:03,727 - {"action": "ADDED", "object": "Particle_24", "details": {"position": [268750000.0, 77777777.77777778, 0.0], "velocity": [0.0, 0.0, 0.0], "mass": 10000.0, "color": [255, 200, 50]}}
2026-03-17 20:56:03,927 - {"action": "ADDED", "object": "Particle_25", "details": {"position": [-150000000.0, 555555555.5555556, 0.0], "velocity": [0.0, 0.0, 0.0], "mass": 10000.0, "color": [255, 200, 50]}}
2026-03-17 20:56:04,130 - {"action": "ADDED", "object": "Particle_26", "details": {"position": [-109375000.0, 544444444.4444444, 0.0], "velocity": [0.0, 0.0, 0.0], "mass": 10000.0, "color": [255, 200, 50]}}
2026-03-17 20:56:04,355 - {"action": "ADDED", "object": "Particle_27", "details": {"position": [-56250000.0, 705555555.5555556, 0.0], "velocity": [0.0, 0.0, 0.0], "mass": 10000.0, "color": [255, 200, 50]}}
2026-03-17 20:56:04,591 - {"action": "ADDED", "object": "Particle_28", "details": {"position": [-46875000.0, 747222222.2222222, 0.0], "velocity": [0.0, 0.0, 0.0], "mass": 10000.0, "color": [255, 200, 50]}}
2026-03-17 20:56:04,797 - {"action": "ADDED", "object": "Particle_29", "details": {"position": [-46875000.0, 747222222.2222222, 0.0], "velocity": [0.0, 0.0, 0.0], "mass": 10000.0, "color": [255, 200, 50]}}
2026-03-17 20:56:05,008 - {"action": "ADDED", "object": "Particle_30", "details": {"position": [-46875000.0, 747222222.2222222, 0.0], "velocity": [0.0, 0.0, 0.0], "mass": 10000.0, "color": [255, 200, 50]}}
2026-03-17 20:56:05,883 - {"action": "ADDED", "object": "Particle_31", "details": {"position": [-46875000.0, 747222222.2222222, 0.0], "velocity": [-0.052215647697448735, 0.05635141134262085, -0.19455497264862062], "mass": 1.0, "color": [255, 255, 255]}}
2026-03-17 20:56:06,120 - {"action": "ADDED", "object": "Particle_32", "details": {"position": [-46875000.0, 747222222.2222222, 0.0], "velocity": [-0.0026388879865407947, -0.0940221130847931, 0.030595630407333374], "mass": 1.0, "color": [255, 255, 255]}}
2026-03-17 20:56:06,290 - {"action": "ADDED", "object": "Particle_33", "details": {"position": [-46875000.0, 747222222.2222222, 0.0], "velocity": [0.040711554884910586, -0.05091502666473389, 0.06647005081176759], "mass": 1.0, "color": [255, 255, 255]}}
2026-03-17 20:56:06,459 - {"action": "ADDED", "object": "Particle_34", "details": {"position": [-46875000.0, 747222222.2222222, 0.0], "velocity": [-0.000277093006297946, -0.12069449424743653, -0.06152143478393555], "mass": 1.0, "color": [255, 255, 255]}}
2026-03-17 20:56:15,719 - {"action": "ADDED", "object": "Particle_35", "details": {"position": [393750000.0, -497222222.2222222, 0.0], "velocity": [0.05052942633628846, -0.031543570756912234, -0.14178819656372071], "mass": 1.0, "color": [255, 255, 255]}}
2026-03-17 20:57:32,894 - {"action": "STATE_UPDATE", "object": "Particle_0", "details": {"step": 0, "position": [NaN, NaN, NaN], "mass": 1.989000014062259e+30}}
2026-03-17 20:57:32,895 - {"action": "STATE_UPDATE", "object": "Particle_1", "details": {"step": 0, "position": [NaN, NaN, NaN], "mass": 3.301000176282021e+23}}
2026-03-17 20:57:32,895 - {"action": "STATE_UPDATE", "object": "Particle_2", "details": {"step": 0, "position": [NaN, NaN, NaN], "mass": 4.866999909161822e+24}}
2026-03-17 20:57:32,895 - {"action": "STATE_UPDATE", "object": "Particle_3", "details": {"step": 0, "position": [NaN, NaN, NaN], "mass": 5.972000231429685e+24}}
2026-03-17 20:57:32,895 - {"action": "STATE_UPDATE", "object": "Particle_4", "details": {"step": 0, "position": [NaN, NaN, NaN], "mass": 6.416999685631065e+23}}
2026-03-17 20:57:32,895 - {"action": "STATE_UPDATE", "object": "Particle_5", "details": {"step": 0, "position": [NaN, NaN, NaN], "mass": 1.8979999599913296e+27}}
2026-03-17 20:57:32,895 - {"action": "STATE_UPDATE", "object": "Particle_6", "details": {"step": 0, "position": [NaN, NaN, NaN], "mass": 5.682999865121907e+26}}
2026-03-17 20:57:32,895 - {"action": "STATE_UPDATE", "object": "Particle_7", "details": {"step": 0, "position": [NaN, NaN, NaN], "mass": 8.680999945262364e+25}}
2026-03-17 20:57:32,895 - {"action": "STATE_UPDATE", "object": "Particle_8", "details": {"step": 0, "position": [NaN, NaN, NaN], "mass": 1.023999977287302e+26}}
2026-03-17 21:01:58,491 - {"action": "STATE_UPDATE", "object": "Particle_0", "details": {"step": 0, "position": [NaN, NaN, NaN], "mass": 1.989000014062259e+30}}
2026-03-17 21:01:58,491 - {"action": "STATE_UPDATE", "object": "Particle_1", "details": {"step": 0, "position": [NaN, NaN, NaN], "mass": 3.301000176282021e+23}}
2026-03-17 21:01:58,491 - {"action": "STATE_UPDATE", "object": "Particle_2", "details": {"step": 0, "position": [NaN, NaN, NaN], "mass": 4.866999909161822e+24}}
2026-03-17 21:01:58,491 - {"action": "STATE_UPDATE", "object": "Particle_3", "details": {"step": 0, "position": [NaN, NaN, NaN], "mass": 5.972000231429685e+24}}
2026-03-17 21:01:58,491 - {"action": "STATE_UPDATE", "object": "Particle_4", "details": {"step": 0, "position": [NaN, NaN, NaN], "mass": 6.416999685631065e+23}}
2026-03-17 21:01:58,491 - {"action": "STATE_UPDATE", "object": "Particle_5", "details": {"step": 0, "position": [NaN, NaN, NaN], "mass": 1.8979999599913296e+27}}
2026-03-17 21:01:58,492 - {"action": "STATE_UPDATE", "object": "Particle_6", "details": {"step": 0, "position": [NaN, NaN, NaN], "mass": 5.682999865121907e+26}}
2026-03-17 21:01:58,492 - {"action": "STATE_UPDATE", "object": "Particle_7", "details": {"step": 0, "position": [NaN, NaN, NaN], "mass": 8.680999945262364e+25}}
2026-03-17 21:01:58,492 - {"action": "STATE_UPDATE", "object": "Particle_8", "details": {"step": 0, "position": [NaN, NaN, NaN], "mass": 1.023999977287302e+26}}
2026-03-17 21:02:43,560 - {"action": "ADDED", "object": "Particle_0", "details": {"position": [98437500.0, 69444444.44444445, 0.0], "velocity": [-0.19687117338180543, -0.043554595112800604, -0.11653900146484375], "mass": 1.0, "color": [255, 255, 255]}}
2026-03-17 21:02:44,655 - {"action": "STATE_UPDATE", "object": "Particle_0", "details": {"step": 0, "position": [98437504.0, 69444448.0, -0.0012], "mass": 1.0}}
2026-03-17 21:02:44,890 - {"action": "STATE_UPDATE", "object": "Particle_0", "details": {"step": 100, "position": [98437504.0, 69444448.0, -0.1177], "mass": 1.0}}
2026-03-17 21:02:45,165 - {"action": "STATE_UPDATE", "object": "Particle_0", "details": {"step": 200, "position": [98437504.0, 69444448.0, -0.2342], "mass": 1.0}}
2026-03-17 21:02:45,444 - {"action": "STATE_UPDATE", "object": "Particle_0", "details": {"step": 300, "position": [98437504.0, 69444448.0, -0.3508], "mass": 1.0}}
2026-03-17 21:02:49,099 - {"action": "ADDED", "object": "Particle_1", "details": {"position": [98437500.0, 69444444.44444445, 0.0], "velocity": [-0.026989221572875977, 0.11973454952239991, -0.04137784540653229], "mass": 1.0, "color": [255, 255, 255]}}
2026-03-17 21:02:50,551 - {"action": "ADDED", "object": "Particle_2", "details": {"position": [-109375000.0, 100000000.0, 0.0], "velocity": [0.035710576176643374, 0.0111307792365551, 0.029837134480476382], "mass": 1.0, "color": [255, 255, 255]}}
2026-03-17 21:02:51,262 - {"action": "ADDED", "object": "Particle_3", "details": {"position": [-298437500.0, -108333333.33333333, 0.0], "velocity": [0.08755156993865967, 0.0033507890999317173, -0.12224726676940918], "mass": 1.0, "color": [255, 255, 255]}}
2026-03-17 21:02:52,819 - {"action": "ADDED", "object": "Particle_4", "details": {"position": [-303125000.0, -116666666.66666667, 0.0], "velocity": [0.02455956041812897, 0.02819397747516632, -0.14302607774734497], "mass": 1.0, "color": [255, 255, 255]}}
2026-03-17 21:02:54,525 - {"action": "ADDED", "object": "Particle_5", "details": {"position": [-235937500.0, -80555555.55555555, 0.0], "velocity": [0.18232768774032593, 0.01632702499628067, -0.07951381802558899], "mass": 1.0, "color": [255, 255, 255]}}
2026-03-17 21:02:55,395 - {"action": "ADDED", "object": "Particle_6", "details": {"position": [-176562500.0, -36111111.11111111, 0.0], "velocity": [-0.06436957716941834, 0.0032366357743740084, 0.08909413814544678], "mass": 1.0, "color": [255, 255, 255]}}
2026-03-17 21:02:55,718 - {"action": "ADDED", "object": "Particle_7", "details": {"position": [-176562500.0, -36111111.11111111, 0.0], "velocity": [-0.23988466262817384, 0.010323163866996766, 0.04064241349697113], "mass": 1.0, "color": [255, 255, 255]}}
2026-03-17 21:02:55,987 - {"action": "ADDED", "object": "Particle_8", "details": {"position": [-176562500.0, -36111111.11111111, 0.0], "velocity": [0.05984278917312622, -0.1771893382072449, 0.26176929473876953], "mass": 1.0, "color": [255, 255, 255]}}
2026-03-17 21:02:56,298 - {"action": "ADDED", "object": "Particle_9", "details": {"position": [-176562500.0, -36111111.11111111, 0.0], "velocity": [-0.010512666404247285, -0.10236953496932984, 0.20721490383148194], "mass": 1.0, "color": [255, 255, 255]}}
2026-03-17 21:02:56,515 - {"action": "ADDED", "object": "Particle_10", "details": {"position": [-176562500.0, -36111111.11111111, 0.0], "velocity": [-0.02948555648326874, 0.05262802839279175, -0.1245773196220398], "mass": 1.0, "color": [255, 255, 255]}}
2026-03-17 21:02:57,216 - {"action": "ADDED", "object": "Particle_11", "details": {"position": [106250000.0, -47222222.222222224, 0.0], "velocity": [0.0, 0.0, 0.0], "mass": 10000.0, "color": [255, 200, 50]}}
2026-03-17 21:02:57,741 - {"action": "ADDED", "object": "Particle_12", "details": {"position": [107812500.0, -50000000.0, 0.0], "velocity": [0.0, 0.0, 0.0], "mass": 10000.0, "color": [255, 200, 50]}}
2026-03-17 21:02:57,926 - {"action": "ADDED", "object": "Particle_13", "details": {"position": [107812500.0, -50000000.0, 0.0], "velocity": [0.0, 0.0, 0.0], "mass": 10000.0, "color": [255, 200, 50]}}
2026-03-17 21:02:58,118 - {"action": "ADDED", "object": "Particle_14", "details": {"position": [107812500.0, -50000000.0, 0.0], "velocity": [0.0, 0.0, 0.0], "mass": 10000.0, "color": [255, 200, 50]}}
2026-03-17 21:02:58,313 - {"action": "ADDED", "object": "Particle_15", "details": {"position": [107812500.0, -50000000.0, 0.0], "velocity": [0.0, 0.0, 0.0], "mass": 10000.0, "color": [255, 200, 50]}}
2026-03-17 21:02:58,505 - {"action": "ADDED", "object": "Particle_16", "details": {"position": [107812500.0, -50000000.0, 0.0], "velocity": [0.0, 0.0, 0.0], "mass": 10000.0, "color": [255, 200, 50]}}
2026-03-17 21:02:58,698 - {"action": "ADDED", "object": "Particle_17", "details": {"position": [107812500.0, -50000000.0, 0.0], "velocity": [0.0, 0.0, 0.0], "mass": 10000.0, "color": [255, 200, 50]}}
2026-03-17 21:02:58,890 - {"action": "ADDED", "object": "Particle_18", "details": {"position": [107812500.0, -50000000.0, 0.0], "velocity": [0.0, 0.0, 0.0], "mass": 10000.0, "color": [255, 200, 50]}}
2026-03-17 21:02:59,084 - {"action": "ADDED", "object": "Particle_19", "details": {"position": [107812500.0, -50000000.0, 0.0], "velocity": [0.0, 0.0, 0.0], "mass": 10000.0, "color": [255, 200, 50]}}
2026-03-17 21:02:59,297 - {"action": "ADDED", "object": "Particle_20", "details": {"position": [107812500.0, -50000000.0, 0.0], "velocity": [0.0, 0.0, 0.0], "mass": 10000.0, "color": [255, 200, 50]}}
2026-03-17 21:02:59,498 - {"action": "ADDED", "object": "Particle_21", "details": {"position": [107812500.0, -50000000.0, 0.0], "velocity": [0.0, 0.0, 0.0], "mass": 10000.0, "color": [255, 200, 50]}}
2026-03-17 21:02:59,704 - {"action": "ADDED", "object": "Particle_22", "details": {"position": [107812500.0, -50000000.0, 0.0], "velocity": [0.0, 0.0, 0.0], "mass": 10000.0, "color": [255, 200, 50]}}
2026-03-17 21:02:59,998 - {"action": "ADDED", "object": "Particle_23", "details": {"position": [107812500.0, -50000000.0, 0.0], "velocity": [0.0, 0.0, 0.0], "mass": 10000.0, "color": [255, 200, 50]}}
2026-03-17 21:03:00,315 - {"action": "ADDED", "object": "Particle_24", "details": {"position": [107812500.0, -50000000.0, 0.0], "velocity": [0.0, 0.0, 0.0], "mass": 10000.0, "color": [255, 200, 50]}}
2026-03-17 21:03:00,513 - {"action": "ADDED", "object": "Particle_25", "details": {"position": [107812500.0, -50000000.0, 0.0], "velocity": [0.0, 0.0, 0.0], "mass": 10000.0, "color": [255, 200, 50]}}
2026-03-17 21:03:00,700 - {"action": "ADDED", "object": "Particle_26", "details": {"position": [107812500.0, -50000000.0, 0.0], "velocity": [0.0, 0.0, 0.0], "mass": 10000.0, "color": [255, 200, 50]}}
2026-03-17 21:03:00,890 - {"action": "ADDED", "object": "Particle_27", "details": {"position": [107812500.0, -50000000.0, 0.0], "velocity": [0.0, 0.0, 0.0], "mass": 10000.0, "color": [255, 200, 50]}}
2026-03-17 21:03:01,092 - {"action": "ADDED", "object": "Particle_28", "details": {"position": [107812500.0, -50000000.0, 0.0], "velocity": [0.0, 0.0, 0.0], "mass": 10000.0, "color": [255, 200, 50]}}
2026-03-17 21:03:01,305 - {"action": "ADDED", "object": "Particle_29", "details": {"position": [107812500.0, -50000000.0, 0.0], "velocity": [0.0, 0.0, 0.0], "mass": 10000.0, "color": [255, 200, 50]}}
2026-03-17 21:03:01,470 - {"action": "ADDED", "object": "Particle_30", "details": {"position": [107812500.0, -50000000.0, 0.0], "velocity": [0.0, 0.0, 0.0], "mass": 10000.0, "color": [255, 200, 50]}}
2026-03-17 21:03:01,678 - {"action": "ADDED", "object": "Particle_31", "details": {"position": [107812500.0, -50000000.0, 0.0], "velocity": [0.0, 0.0, 0.0], "mass": 10000.0, "color": [255, 200, 50]}}
2026-03-17 21:03:11,182 - {"action": "ADDED", "object": "Particle_32", "details": {"position": [223437500.0, -991666666.6666666, 0.0], "velocity": [0.03448969125747681, 0.00532267838716507, -0.00489773489534855], "mass": 1.0, "color": [255, 255, 255]}}
